---
source: src/lib.rs
expression: sr
---
SerRope {
    chunks: [
        "hello thingstuffyesnohellothingstuffyesnohello thingstuffyesnohellothingstuffyesnohello thingstuffyesnohellothingstuffyesnohello thingstuffyesnohellothingstuffyesnohello thingstuffyesnohellothingstuffyesnohello thingstuffyesnohellothingstuffyesnohello thingstuffyesnohellothingstuffyesnohello thingstuffyesnohellothingstuffyesnohello thingstuffyesnohellothingstuffyesnohello thingstuffyesnohellothingstuffyesno",
    ],
    indicies: [
        0,
    ],
}
